<html>
<body>
<pre>
<h1>礦ision Build Log</h1>
<h2>Tool Versions:</h2>
IDE-Version: μVision V5.14.0.0
Copyright (C) 2015 ARM Ltd and ARM Germany GmbH. All rights reserved.
License Information: JACK NICK, MC, LIC=CZLII-T55H8-X5JT0-BRI93-33TTP-0BMZK
 
Tool Versions:
Toolchain:       MDK-ARM Standard  Version: 5.14.0.0
Toolchain Path:  D:\MDK5\ARM\ARMCC\Bin
C Compiler:      Armcc.exe V5.05 update 1 (build 106)
Assembler:       Armasm.exe V5.05 update 1 (build 106)
Linker/Locator:  ArmLink.exe V5.05 update 1 (build 106)
Library Manager: ArmAr.exe V5.05 update 1 (build 106)
Hex Converter:   FromElf.exe V5.05 update 1 (build 106)
CPU DLL:         SARMCM3.DLL V5.14.0.0
Dialog DLL:      DARMSTM.DLL V1.65.0.0
Target DLL:      Segger\JL2CM3.dll V2.99.13.0
Dialog DLL:      TARMSTM.DLL V1.64.0.0
 
<h2>Project:</h2>
D:\STM32\IIC-OLED显示屏资料(SSD1306)\STM32例程(STM32F103C8T6)\I2C_SSD1306_STM32(HW)\Project\RVMDK(uV4)\HelTec.uvprojx
Project File Date:  11/11/2019

<h2>Output:</h2>
Rebuild target 'Template'
assembling startup_stm32f10x_hd.s...
compiling core_cm3.c...
compiling system_stm32f10x.c...
compiling misc.c...
compiling stm32f10x_adc.c...
compiling stm32f10x_bkp.c...
compiling stm32f10x_can.c...
compiling stm32f10x_cec.c...
compiling stm32f10x_crc.c...
compiling stm32f10x_dac.c...
compiling stm32f10x_dbgmcu.c...
compiling stm32f10x_dma.c...
compiling stm32f10x_exti.c...
compiling stm32f10x_flash.c...
compiling stm32f10x_fsmc.c...
compiling stm32f10x_gpio.c...
compiling stm32f10x_i2c.c...
compiling stm32f10x_iwdg.c...
compiling stm32f10x_pwr.c...
compiling stm32f10x_rcc.c...
compiling stm32f10x_rtc.c...
compiling stm32f10x_sdio.c...
compiling stm32f10x_spi.c...
compiling stm32f10x_tim.c...
compiling stm32f10x_usart.c...
compiling stm32f10x_wwdg.c...
compiling main.c...
..\..\User\main.c(53): warning:  #177-D: variable "times" was declared but never referenced
          u16 times=0;
..\..\User\main.c(54): warning:  #177-D: variable "a" was declared but never referenced
          int a=0;        //当前空调开关标志，0关1开
..\..\User\main.c: 2 warnings, 0 errors
compiling stm32f10x_it.c...
compiling led.c...
compiling OLED_I2C.c...
compiling dht11.c...
compiling delay.c...
compiling sys.c...
compiling usart.c...
compiling rtc.c...
linking...
Program Size: Code=10296 RO-data=2432 RW-data=1372 ZI-data=1236  
FromELF: creating hex file...
"..\..\Output\HelTec.axf" - 0 Error(s), 2 Warning(s).

<h2>Collection of Component include folders:</h2>
  D:\STM32\IIC-OLED显示屏资料(SSD1306)\STM32例程(STM32F103C8T6)\I2C_SSD1306_STM32(HW)\Project\RVMDK(uV4)\RTE
  D:\MDK5\ARM\PACK\Keil\STM32F1xx_DFP\1.0.5\Device\Include

<h2>Collection of Component Files used:</h2>
</pre>
</body>
</html>
